// Jest Snapshot v1, https://goo.gl/fbAQLP

exports[`grid can use a different component with the "is" prop 1`] = `
.c0 {
  display: inline-block;
  vertical-align: top;
}

.c1 {
  box-sizing: border-box;
  margin: 8px;
  padding-left: 16px;
  padding-right: 16px;
}

<InlineBox
  is="section"
  m={2}
  px={3}
>
  <Box
    className="c0"
    is="section"
    m={2}
    px={3}
  >
    <styled.section
      className="c0"
      m={2}
      px={3}
    >
      <section
        className="c0 c1"
      >
        Test
      </section>
    </styled.section>
  </Box>
</InlineBox>
`;

exports[`grid renders 1`] = `
.c0 {
  display: inline-block;
  vertical-align: top;
}

<Box
  className="c0"
  is="div"
/>
`;
